exports[`Friend List should match it's empty snapshot 1`] = `
<div>
  <ul
    className={undefined} />
</div>
`;
